// Jest Snapshot v1, https://goo.gl/fbAQLP

exports[`should render editExpensePage 1`] = `
<div>
  <ExpenseForm
    expense={
      Object {
        "amount": 5000,
        "createdAt": 345600000,
        "description": "Coffee",
        "id": "3",
        "note": "",
      }
    }
    onSubmit={[Function]}
  />
  <button
    onClick={[Function]}
  >
     Remove 
  </button>
</div>
`;
